ID   PARENT_ORGANIZATION_ID  LEGALNAME          DOING_BUSINESS_AS  LEGAL_DOCUMENT  ADDRESS_COUNTRY  STATUS_CODE  CREATED_AT                            UPDATED_AT                            
123                          Test Organization  The ledger.io      48784548000104  BR               2123         2024-10-31 11:31:22.369928 +0000 UTC  2024-10-31 11:31:22.369928 +0000 UTC  
