FIELDS               VALUES                                   
ID:                  123                                      
Legal Name:          Test Organization                        
Doing Business As:   The ledger.io                            
Legal Document:      48784548000104                           
Created At:          2024-10-31 11:31:22.369928 +0000 UTC     
Update At:           2024-10-31 11:31:22.369928 +0000 UTC     
Address Line1:                                                
Address City:                                                 
Address State:                                                
Address Country:     BR                                       
Status Code:         2123                                     
Status Description:  Test Ledger                              
Metadata:            map[chave1:valor1 chave2:2 chave3:true]  
