# Route -> role map: METHOD<TAB>RAW PATH<TAB>ROLE.
# ROLE is which of the six route-scoped ProtectedRouteOptions a registered route runs, observed by
# threading a distinct sentinel post-auth handler per role and recording which one executed.
# It pins the registrar -> options pairing the route table cannot: swapping the crm and fees
# options moves neither path nor handler count, but flips the role recorded here.
#
# What this map does NOT pin: the authorize tuple (namespace/resource/action). Swapping namespace,
# resource or action moves neither path, count nor role, and no gate in this repository covers it.
# Generated — do not hand-edit. Regenerate with:
#   go test ./components/ledger/internal/bootstrap/ -run TestRouteRoles -update-route-roles
DELETE	/v1/organizations/:id	onboarding
DELETE	/v1/organizations/:organization_id/billing-packages/:id	fees
DELETE	/v1/organizations/:organization_id/holders/:holder_id/instruments/:instrument_id	crm
DELETE	/v1/organizations/:organization_id/holders/:holder_id/instruments/:instrument_id/related-parties/:related_party_id	crm
DELETE	/v1/organizations/:organization_id/holders/:id	crm
DELETE	/v1/organizations/:organization_id/ledgers/:ledger_id	onboarding
DELETE	/v1/organizations/:organization_id/ledgers/:ledger_id/account-types/:id	onboarding
DELETE	/v1/organizations/:organization_id/ledgers/:ledger_id/accounts/:id	onboarding
DELETE	/v1/organizations/:organization_id/ledgers/:ledger_id/assets/:id	onboarding
DELETE	/v1/organizations/:organization_id/ledgers/:ledger_id/balances/:balance_id	transaction
DELETE	/v1/organizations/:organization_id/ledgers/:ledger_id/operation-routes/:operation_route_id	transaction
DELETE	/v1/organizations/:organization_id/ledgers/:ledger_id/portfolios/:id	onboarding
DELETE	/v1/organizations/:organization_id/ledgers/:ledger_id/segments/:id	onboarding
DELETE	/v1/organizations/:organization_id/ledgers/:ledger_id/transaction-routes/:transaction_route_id	transaction
DELETE	/v1/organizations/:organization_id/packages/:id	fees
DELETE	/v1/settings/metadata-indexes/entities/:entity_name/key/:index_key	ledger
DELETE	/v2/organizations/:id	onboarding
DELETE	/v2/organizations/:organization_id/holders/:holder_id/instruments/:instrument_id	crm
DELETE	/v2/organizations/:organization_id/holders/:holder_id/instruments/:instrument_id/related-parties/:related_party_id	crm
DELETE	/v2/organizations/:organization_id/holders/:id	crm
DELETE	/v2/organizations/:organization_id/ledgers/:ledger_id	onboarding
DELETE	/v2/organizations/:organization_id/ledgers/:ledger_id/account-types/:id	onboarding
DELETE	/v2/organizations/:organization_id/ledgers/:ledger_id/accounts/:id	onboarding
DELETE	/v2/organizations/:organization_id/ledgers/:ledger_id/assets/:id	onboarding
DELETE	/v2/organizations/:organization_id/ledgers/:ledger_id/balances/:balance_id	transaction
DELETE	/v2/organizations/:organization_id/ledgers/:ledger_id/billing-packages/:id	fees
DELETE	/v2/organizations/:organization_id/ledgers/:ledger_id/operation-routes/:operation_route_id	transaction
DELETE	/v2/organizations/:organization_id/ledgers/:ledger_id/packages/:id	fees
DELETE	/v2/organizations/:organization_id/ledgers/:ledger_id/portfolios/:id	onboarding
DELETE	/v2/organizations/:organization_id/ledgers/:ledger_id/segments/:id	onboarding
DELETE	/v2/settings/metadata-indexes/entities/:entity_name/key/:index_key	ledger
GET	/v1/organizations	onboarding
GET	/v1/organizations/:id	onboarding
GET	/v1/organizations/:organization_id/billing-packages	fees
GET	/v1/organizations/:organization_id/billing-packages/:id	fees
GET	/v1/organizations/:organization_id/encryption/status	crm
GET	/v1/organizations/:organization_id/holders	crm
GET	/v1/organizations/:organization_id/holders/:holder_id/instruments/:instrument_id	crm
GET	/v1/organizations/:organization_id/holders/:id	crm
GET	/v1/organizations/:organization_id/holders/:id/accounts	crm
GET	/v1/organizations/:organization_id/instruments	crm
GET	/v1/organizations/:organization_id/ledgers	onboarding
GET	/v1/organizations/:organization_id/ledgers/:ledger_id	onboarding
GET	/v1/organizations/:organization_id/ledgers/:ledger_id/account-types	onboarding
GET	/v1/organizations/:organization_id/ledgers/:ledger_id/account-types/:id	onboarding
GET	/v1/organizations/:organization_id/ledgers/:ledger_id/accounts	onboarding
GET	/v1/organizations/:organization_id/ledgers/:ledger_id/accounts/:account_id/balances	transaction
GET	/v1/organizations/:organization_id/ledgers/:ledger_id/accounts/:account_id/balances/history	transaction
GET	/v1/organizations/:organization_id/ledgers/:ledger_id/accounts/:account_id/operations	transaction
GET	/v1/organizations/:organization_id/ledgers/:ledger_id/accounts/:account_id/operations/:operation_id	transaction
GET	/v1/organizations/:organization_id/ledgers/:ledger_id/accounts/:id	onboarding
GET	/v1/organizations/:organization_id/ledgers/:ledger_id/accounts/alias/:alias	onboarding
GET	/v1/organizations/:organization_id/ledgers/:ledger_id/accounts/alias/:alias/balances	transaction
GET	/v1/organizations/:organization_id/ledgers/:ledger_id/accounts/external/:code	onboarding
GET	/v1/organizations/:organization_id/ledgers/:ledger_id/accounts/external/:code/balances	transaction
GET	/v1/organizations/:organization_id/ledgers/:ledger_id/asset-rates/:external_id	transaction
GET	/v1/organizations/:organization_id/ledgers/:ledger_id/asset-rates/from/:asset_code	transaction
GET	/v1/organizations/:organization_id/ledgers/:ledger_id/assets	onboarding
GET	/v1/organizations/:organization_id/ledgers/:ledger_id/assets/:id	onboarding
GET	/v1/organizations/:organization_id/ledgers/:ledger_id/balances	transaction
GET	/v1/organizations/:organization_id/ledgers/:ledger_id/balances/:balance_id	transaction
GET	/v1/organizations/:organization_id/ledgers/:ledger_id/balances/:balance_id/history	transaction
GET	/v1/organizations/:organization_id/ledgers/:ledger_id/operation-routes	transaction
GET	/v1/organizations/:organization_id/ledgers/:ledger_id/operation-routes/:operation_route_id	transaction
GET	/v1/organizations/:organization_id/ledgers/:ledger_id/portfolios	onboarding
GET	/v1/organizations/:organization_id/ledgers/:ledger_id/portfolios/:id	onboarding
GET	/v1/organizations/:organization_id/ledgers/:ledger_id/segments	onboarding
GET	/v1/organizations/:organization_id/ledgers/:ledger_id/segments/:id	onboarding
GET	/v1/organizations/:organization_id/ledgers/:ledger_id/settings	onboarding
GET	/v1/organizations/:organization_id/ledgers/:ledger_id/transaction-routes	transaction
GET	/v1/organizations/:organization_id/ledgers/:ledger_id/transaction-routes/:transaction_route_id	transaction
GET	/v1/organizations/:organization_id/ledgers/:ledger_id/transactions	transaction
GET	/v1/organizations/:organization_id/ledgers/:ledger_id/transactions/:transaction_id	transaction
GET	/v1/organizations/:organization_id/packages	fees
GET	/v1/organizations/:organization_id/packages/:id	fees
GET	/v1/organizations/:organization_id/protection/audit	crm
GET	/v1/settings/metadata-indexes	ledger
GET	/v2/organizations	onboarding
GET	/v2/organizations/:id	onboarding
GET	/v2/organizations/:organization_id/encryption/status	crm
GET	/v2/organizations/:organization_id/holders	crm
GET	/v2/organizations/:organization_id/holders/:holder_id/instruments/:instrument_id	crm
GET	/v2/organizations/:organization_id/holders/:id	crm
GET	/v2/organizations/:organization_id/holders/:id/accounts	crm
GET	/v2/organizations/:organization_id/instruments	crm
GET	/v2/organizations/:organization_id/ledgers	onboarding
GET	/v2/organizations/:organization_id/ledgers/:ledger_id	onboarding
GET	/v2/organizations/:organization_id/ledgers/:ledger_id/account-types	onboarding
GET	/v2/organizations/:organization_id/ledgers/:ledger_id/account-types/:id	onboarding
GET	/v2/organizations/:organization_id/ledgers/:ledger_id/accounts	onboarding
GET	/v2/organizations/:organization_id/ledgers/:ledger_id/accounts/:account_id/balances	transaction
GET	/v2/organizations/:organization_id/ledgers/:ledger_id/accounts/:account_id/balances/history	transaction
GET	/v2/organizations/:organization_id/ledgers/:ledger_id/accounts/:account_id/operations	transaction
GET	/v2/organizations/:organization_id/ledgers/:ledger_id/accounts/:account_id/operations/:operation_id	transaction
GET	/v2/organizations/:organization_id/ledgers/:ledger_id/accounts/:id	onboarding
GET	/v2/organizations/:organization_id/ledgers/:ledger_id/accounts/alias/:alias	onboarding
GET	/v2/organizations/:organization_id/ledgers/:ledger_id/accounts/alias/:alias/balances	transaction
GET	/v2/organizations/:organization_id/ledgers/:ledger_id/accounts/external/:code	onboarding
GET	/v2/organizations/:organization_id/ledgers/:ledger_id/accounts/external/:code/balances	transaction
GET	/v2/organizations/:organization_id/ledgers/:ledger_id/asset-rates/:external_id	transaction
GET	/v2/organizations/:organization_id/ledgers/:ledger_id/asset-rates/from/:asset_code	transaction
GET	/v2/organizations/:organization_id/ledgers/:ledger_id/assets	onboarding
GET	/v2/organizations/:organization_id/ledgers/:ledger_id/assets/:id	onboarding
GET	/v2/organizations/:organization_id/ledgers/:ledger_id/balances	transaction
GET	/v2/organizations/:organization_id/ledgers/:ledger_id/balances/:balance_id	transaction
GET	/v2/organizations/:organization_id/ledgers/:ledger_id/balances/:balance_id/history	transaction
GET	/v2/organizations/:organization_id/ledgers/:ledger_id/billing-packages	fees
GET	/v2/organizations/:organization_id/ledgers/:ledger_id/billing-packages/:id	fees
GET	/v2/organizations/:organization_id/ledgers/:ledger_id/operation-routes	transaction
GET	/v2/organizations/:organization_id/ledgers/:ledger_id/operation-routes/:operation_route_id	transaction
GET	/v2/organizations/:organization_id/ledgers/:ledger_id/packages	fees
GET	/v2/organizations/:organization_id/ledgers/:ledger_id/packages/:id	fees
GET	/v2/organizations/:organization_id/ledgers/:ledger_id/portfolios	onboarding
GET	/v2/organizations/:organization_id/ledgers/:ledger_id/portfolios/:id	onboarding
GET	/v2/organizations/:organization_id/ledgers/:ledger_id/segments	onboarding
GET	/v2/organizations/:organization_id/ledgers/:ledger_id/segments/:id	onboarding
GET	/v2/organizations/:organization_id/ledgers/:ledger_id/settings	onboarding
GET	/v2/organizations/:organization_id/protection/audit	crm
GET	/v2/settings/metadata-indexes	ledger
HEAD	/v1/organizations/:organization_id/ledgers/:ledger_id/accounts/metrics/count	onboarding
HEAD	/v1/organizations/:organization_id/ledgers/:ledger_id/assets/metrics/count	onboarding
HEAD	/v1/organizations/:organization_id/ledgers/:ledger_id/portfolios/metrics/count	onboarding
HEAD	/v1/organizations/:organization_id/ledgers/:ledger_id/segments/metrics/count	onboarding
HEAD	/v1/organizations/:organization_id/ledgers/:ledger_id/transactions/metrics/count	transaction
HEAD	/v1/organizations/:organization_id/ledgers/metrics/count	onboarding
HEAD	/v1/organizations/metrics/count	onboarding
HEAD	/v2/organizations/:organization_id/ledgers/:ledger_id/accounts/metrics/count	onboarding
HEAD	/v2/organizations/:organization_id/ledgers/:ledger_id/assets/metrics/count	onboarding
HEAD	/v2/organizations/:organization_id/ledgers/:ledger_id/portfolios/metrics/count	onboarding
HEAD	/v2/organizations/:organization_id/ledgers/:ledger_id/segments/metrics/count	onboarding
HEAD	/v2/organizations/:organization_id/ledgers/metrics/count	onboarding
HEAD	/v2/organizations/metrics/count	onboarding
PATCH	/v1/organizations/:id	onboarding
PATCH	/v1/organizations/:organization_id/billing-packages/:id	fees
PATCH	/v1/organizations/:organization_id/holders/:holder_id/instruments/:instrument_id	crm
PATCH	/v1/organizations/:organization_id/holders/:id	crm
PATCH	/v1/organizations/:organization_id/ledgers/:ledger_id	onboarding
PATCH	/v1/organizations/:organization_id/ledgers/:ledger_id/account-types/:id	onboarding
PATCH	/v1/organizations/:organization_id/ledgers/:ledger_id/accounts/:id	onboarding
PATCH	/v1/organizations/:organization_id/ledgers/:ledger_id/assets/:id	onboarding
PATCH	/v1/organizations/:organization_id/ledgers/:ledger_id/balances/:balance_id	transaction
PATCH	/v1/organizations/:organization_id/ledgers/:ledger_id/operation-routes/:operation_route_id	transaction
PATCH	/v1/organizations/:organization_id/ledgers/:ledger_id/portfolios/:id	onboarding
PATCH	/v1/organizations/:organization_id/ledgers/:ledger_id/segments/:id	onboarding
PATCH	/v1/organizations/:organization_id/ledgers/:ledger_id/settings	onboarding
PATCH	/v1/organizations/:organization_id/ledgers/:ledger_id/transaction-routes/:transaction_route_id	transaction
PATCH	/v1/organizations/:organization_id/ledgers/:ledger_id/transactions/:transaction_id	transaction
PATCH	/v1/organizations/:organization_id/ledgers/:ledger_id/transactions/:transaction_id/operations/:operation_id	transaction
PATCH	/v1/organizations/:organization_id/packages/:id	fees
PATCH	/v2/organizations/:id	onboarding
PATCH	/v2/organizations/:organization_id/holders/:holder_id/instruments/:instrument_id	crm
PATCH	/v2/organizations/:organization_id/holders/:id	crm
PATCH	/v2/organizations/:organization_id/ledgers/:ledger_id	onboarding
PATCH	/v2/organizations/:organization_id/ledgers/:ledger_id/account-types/:id	onboarding
PATCH	/v2/organizations/:organization_id/ledgers/:ledger_id/accounts/:id	onboarding
PATCH	/v2/organizations/:organization_id/ledgers/:ledger_id/assets/:id	onboarding
PATCH	/v2/organizations/:organization_id/ledgers/:ledger_id/balances/:balance_id	transaction
PATCH	/v2/organizations/:organization_id/ledgers/:ledger_id/billing-packages/:id	fees
PATCH	/v2/organizations/:organization_id/ledgers/:ledger_id/operation-routes/:operation_route_id	transaction
PATCH	/v2/organizations/:organization_id/ledgers/:ledger_id/packages/:id	fees
PATCH	/v2/organizations/:organization_id/ledgers/:ledger_id/portfolios/:id	onboarding
PATCH	/v2/organizations/:organization_id/ledgers/:ledger_id/segments/:id	onboarding
PATCH	/v2/organizations/:organization_id/ledgers/:ledger_id/settings	onboarding
PATCH	/v2/organizations/:organization_id/ledgers/:ledger_id/transactions/:transaction_id/operations/:operation_id	transaction
POST	/v1/organizations	onboarding
POST	/v1/organizations/:organization_id/billing-packages	fees
POST	/v1/organizations/:organization_id/billing/calculate	fees
POST	/v1/organizations/:organization_id/encryption/provision	crm
POST	/v1/organizations/:organization_id/estimates	fees
POST	/v1/organizations/:organization_id/holders	crm
POST	/v1/organizations/:organization_id/holders/:holder_id/instruments	crm
POST	/v1/organizations/:organization_id/ledgers	onboarding
POST	/v1/organizations/:organization_id/ledgers/:ledger_id/account-types	onboarding
POST	/v1/organizations/:organization_id/ledgers/:ledger_id/accounts	onboarding
POST	/v1/organizations/:organization_id/ledgers/:ledger_id/accounts/:account_id/balances	transaction
POST	/v1/organizations/:organization_id/ledgers/:ledger_id/assets	onboarding
POST	/v1/organizations/:organization_id/ledgers/:ledger_id/holders/:id/accounts	composition
POST	/v1/organizations/:organization_id/ledgers/:ledger_id/operation-routes	transaction
POST	/v1/organizations/:organization_id/ledgers/:ledger_id/portfolios	onboarding
POST	/v1/organizations/:organization_id/ledgers/:ledger_id/segments	onboarding
POST	/v1/organizations/:organization_id/ledgers/:ledger_id/transaction-routes	transaction
POST	/v1/organizations/:organization_id/ledgers/:ledger_id/transactions/:transaction_id/cancel	transaction
POST	/v1/organizations/:organization_id/ledgers/:ledger_id/transactions/:transaction_id/commit	transaction
POST	/v1/organizations/:organization_id/ledgers/:ledger_id/transactions/:transaction_id/revert	transaction
POST	/v1/organizations/:organization_id/ledgers/:ledger_id/transactions/annotation	transaction
POST	/v1/organizations/:organization_id/ledgers/:ledger_id/transactions/block	transaction
POST	/v1/organizations/:organization_id/ledgers/:ledger_id/transactions/inflow	transaction
POST	/v1/organizations/:organization_id/ledgers/:ledger_id/transactions/json	transaction
POST	/v1/organizations/:organization_id/ledgers/:ledger_id/transactions/outflow	transaction
POST	/v1/organizations/:organization_id/ledgers/:ledger_id/transactions/unblock	transaction
POST	/v1/organizations/:organization_id/packages	fees
POST	/v1/settings/metadata-indexes/entities/:entity_name	ledger
POST	/v2/organizations	onboarding
POST	/v2/organizations/:organization_id/encryption/provision	crm
POST	/v2/organizations/:organization_id/holders	crm
POST	/v2/organizations/:organization_id/holders/:holder_id/instruments	crm
POST	/v2/organizations/:organization_id/ledgers	onboarding
POST	/v2/organizations/:organization_id/ledgers/:ledger_id/account-types	onboarding
POST	/v2/organizations/:organization_id/ledgers/:ledger_id/accounts	onboarding
POST	/v2/organizations/:organization_id/ledgers/:ledger_id/accounts/:account_id/balances	transaction
POST	/v2/organizations/:organization_id/ledgers/:ledger_id/assets	onboarding
POST	/v2/organizations/:organization_id/ledgers/:ledger_id/billing-packages	fees
POST	/v2/organizations/:organization_id/ledgers/:ledger_id/billing/calculate	fees
POST	/v2/organizations/:organization_id/ledgers/:ledger_id/estimates	fees
POST	/v2/organizations/:organization_id/ledgers/:ledger_id/holders/:id/accounts	composition
POST	/v2/organizations/:organization_id/ledgers/:ledger_id/operation-routes	transaction
POST	/v2/organizations/:organization_id/ledgers/:ledger_id/packages	fees
POST	/v2/organizations/:organization_id/ledgers/:ledger_id/portfolios	onboarding
POST	/v2/organizations/:organization_id/ledgers/:ledger_id/segments	onboarding
POST	/v2/organizations/:organization_id/ledgers/:ledger_id/transactions/:transaction_id/cancel	transaction
POST	/v2/organizations/:organization_id/ledgers/:ledger_id/transactions/:transaction_id/commit	transaction
POST	/v2/organizations/:organization_id/ledgers/:ledger_id/transactions/:transaction_id/revert	transaction
POST	/v2/settings/metadata-indexes/entities/:entity_name	ledger
POST	/v2/transactions/block	transaction
POST	/v2/transactions/direct	transaction
POST	/v2/transactions/hold	transaction
POST	/v2/transactions/unblock	transaction
PUT	/v1/organizations/:organization_id/ledgers/:ledger_id/asset-rates	transaction
PUT	/v2/organizations/:organization_id/ledgers/:ledger_id/asset-rates	transaction
