# Unified server Fiber route table: METHOD<TAB>RAW PATH<TAB>HANDLER COUNT.
# app.Use middleware is excluded: it is fanned across every HTTP method, so it yields rows
# for methods the API never serves and encodes nothing about any route's guard.
# Rows sharing a method and a path are in registration order.
# GET /health, GET /version and GET /readyz are neither guard chains nor Huma terminals: they
# are mounted outside the authorized surface and carved out in unguardedPublicRoutes.
#
# This file pins WHICH (method, raw path, handler count) triples are registered. What the
# count does not say:
#   - which handler on a chain is the authorizer: a chain of the same length built from
#     non-auth middleware reads identically.
#   - the authorize tuple: swapping namespace, resource or action moves neither path nor
#     count, and no gate in this repository covers that tuple.
#   - registration order inside a COLLAPSED row (one row whose count already sums a guard and
#     its terminal): the merged count is the sum whichever was registered first.
# Generated — do not hand-edit. Regenerate with:
#   go test ./components/ledger/internal/bootstrap/ -run TestRouteTableGolden -update-route-table
DELETE	/v1/organizations/:id	4
DELETE	/v1/organizations/:organization_id/ledgers/:ledger_id	4
DELETE	/v1/organizations/:organization_id/ledgers/:ledger_id/account-types/:id	4
DELETE	/v1/organizations/:organization_id/ledgers/:ledger_id/accounts/:id	4
DELETE	/v1/organizations/:organization_id/ledgers/:ledger_id/assets/:id	4
DELETE	/v1/organizations/:organization_id/ledgers/:ledger_id/balances/:balance_id	4
DELETE	/v1/organizations/:organization_id/ledgers/:ledger_id/operation-routes/:operation_route_id	4
DELETE	/v1/organizations/:organization_id/ledgers/:ledger_id/portfolios/:id	4
DELETE	/v1/organizations/:organization_id/ledgers/:ledger_id/segments/:id	4
DELETE	/v1/organizations/:organization_id/ledgers/:ledger_id/transaction-routes/:transaction_route_id	4
DELETE	/v1/settings/metadata-indexes/entities/:entity_name/key/:index_key	3
DELETE	/v2/organizations/:id	4
DELETE	/v2/organizations/:organization_id/holders/:holder_id/instruments/:instrument_id	3
DELETE	/v2/organizations/:organization_id/holders/:holder_id/instruments/:instrument_id	1
DELETE	/v2/organizations/:organization_id/holders/:holder_id/instruments/:instrument_id/related-parties/:related_party_id	3
DELETE	/v2/organizations/:organization_id/holders/:holder_id/instruments/:instrument_id/related-parties/:related_party_id	1
DELETE	/v2/organizations/:organization_id/holders/:id	4
DELETE	/v2/organizations/:organization_id/ledgers/:ledger_id	4
DELETE	/v2/organizations/:organization_id/ledgers/:ledger_id/account-types/:id	4
DELETE	/v2/organizations/:organization_id/ledgers/:ledger_id/accounts/:id	4
DELETE	/v2/organizations/:organization_id/ledgers/:ledger_id/assets/:id	4
DELETE	/v2/organizations/:organization_id/ledgers/:ledger_id/balances/:balance_id	4
DELETE	/v2/organizations/:organization_id/ledgers/:ledger_id/billing-packages/:id	3
DELETE	/v2/organizations/:organization_id/ledgers/:ledger_id/billing-packages/:id	1
DELETE	/v2/organizations/:organization_id/ledgers/:ledger_id/operation-routes/:operation_route_id	4
DELETE	/v2/organizations/:organization_id/ledgers/:ledger_id/packages/:id	3
DELETE	/v2/organizations/:organization_id/ledgers/:ledger_id/packages/:id	1
DELETE	/v2/organizations/:organization_id/ledgers/:ledger_id/portfolios/:id	4
DELETE	/v2/organizations/:organization_id/ledgers/:ledger_id/segments/:id	4
DELETE	/v2/organizations/:organization_id/ledgers/:ledger_id/transaction-routes/:transaction_route_id	4
DELETE	/v2/settings/metadata-indexes/entities/:entity_name/key/:index_key	3
GET	/health	1
GET	/readyz	1
GET	/v1/organizations	2
GET	/v1/organizations	1
GET	/v1/organizations/:id	3
GET	/v1/organizations/:id	1
GET	/v1/organizations/:organization_id/ledgers	3
GET	/v1/organizations/:organization_id/ledgers	1
GET	/v1/organizations/:organization_id/ledgers/:ledger_id	3
GET	/v1/organizations/:organization_id/ledgers/:ledger_id	1
GET	/v1/organizations/:organization_id/ledgers/:ledger_id/account-types	4
GET	/v1/organizations/:organization_id/ledgers/:ledger_id/account-types/:id	3
GET	/v1/organizations/:organization_id/ledgers/:ledger_id/account-types/:id	1
GET	/v1/organizations/:organization_id/ledgers/:ledger_id/accounts	3
GET	/v1/organizations/:organization_id/ledgers/:ledger_id/accounts	1
GET	/v1/organizations/:organization_id/ledgers/:ledger_id/accounts/:account_id/balances	3
GET	/v1/organizations/:organization_id/ledgers/:ledger_id/accounts/:account_id/balances	1
GET	/v1/organizations/:organization_id/ledgers/:ledger_id/accounts/:account_id/balances/history	3
GET	/v1/organizations/:organization_id/ledgers/:ledger_id/accounts/:account_id/balances/history	1
GET	/v1/organizations/:organization_id/ledgers/:ledger_id/accounts/:account_id/operations	3
GET	/v1/organizations/:organization_id/ledgers/:ledger_id/accounts/:account_id/operations	1
GET	/v1/organizations/:organization_id/ledgers/:ledger_id/accounts/:account_id/operations/:operation_id	3
GET	/v1/organizations/:organization_id/ledgers/:ledger_id/accounts/:account_id/operations/:operation_id	1
GET	/v1/organizations/:organization_id/ledgers/:ledger_id/accounts/:id	3
GET	/v1/organizations/:organization_id/ledgers/:ledger_id/accounts/:id	1
GET	/v1/organizations/:organization_id/ledgers/:ledger_id/accounts/alias/:alias	3
GET	/v1/organizations/:organization_id/ledgers/:ledger_id/accounts/alias/:alias	1
GET	/v1/organizations/:organization_id/ledgers/:ledger_id/accounts/alias/:alias/balances	3
GET	/v1/organizations/:organization_id/ledgers/:ledger_id/accounts/alias/:alias/balances	1
GET	/v1/organizations/:organization_id/ledgers/:ledger_id/accounts/external/:code	3
GET	/v1/organizations/:organization_id/ledgers/:ledger_id/accounts/external/:code	1
GET	/v1/organizations/:organization_id/ledgers/:ledger_id/accounts/external/:code/balances	3
GET	/v1/organizations/:organization_id/ledgers/:ledger_id/accounts/external/:code/balances	1
GET	/v1/organizations/:organization_id/ledgers/:ledger_id/asset-rates/:external_id	3
GET	/v1/organizations/:organization_id/ledgers/:ledger_id/asset-rates/:external_id	1
GET	/v1/organizations/:organization_id/ledgers/:ledger_id/asset-rates/from/:asset_code	3
GET	/v1/organizations/:organization_id/ledgers/:ledger_id/asset-rates/from/:asset_code	1
GET	/v1/organizations/:organization_id/ledgers/:ledger_id/assets	3
GET	/v1/organizations/:organization_id/ledgers/:ledger_id/assets	1
GET	/v1/organizations/:organization_id/ledgers/:ledger_id/assets/:id	3
GET	/v1/organizations/:organization_id/ledgers/:ledger_id/assets/:id	1
GET	/v1/organizations/:organization_id/ledgers/:ledger_id/balances	3
GET	/v1/organizations/:organization_id/ledgers/:ledger_id/balances	1
GET	/v1/organizations/:organization_id/ledgers/:ledger_id/balances/:balance_id	3
GET	/v1/organizations/:organization_id/ledgers/:ledger_id/balances/:balance_id	1
GET	/v1/organizations/:organization_id/ledgers/:ledger_id/balances/:balance_id/history	3
GET	/v1/organizations/:organization_id/ledgers/:ledger_id/balances/:balance_id/history	1
GET	/v1/organizations/:organization_id/ledgers/:ledger_id/operation-routes	3
GET	/v1/organizations/:organization_id/ledgers/:ledger_id/operation-routes	1
GET	/v1/organizations/:organization_id/ledgers/:ledger_id/operation-routes/:operation_route_id	3
GET	/v1/organizations/:organization_id/ledgers/:ledger_id/operation-routes/:operation_route_id	1
GET	/v1/organizations/:organization_id/ledgers/:ledger_id/portfolios	3
GET	/v1/organizations/:organization_id/ledgers/:ledger_id/portfolios	1
GET	/v1/organizations/:organization_id/ledgers/:ledger_id/portfolios/:id	3
GET	/v1/organizations/:organization_id/ledgers/:ledger_id/portfolios/:id	1
GET	/v1/organizations/:organization_id/ledgers/:ledger_id/segments	3
GET	/v1/organizations/:organization_id/ledgers/:ledger_id/segments	1
GET	/v1/organizations/:organization_id/ledgers/:ledger_id/segments/:id	3
GET	/v1/organizations/:organization_id/ledgers/:ledger_id/segments/:id	1
GET	/v1/organizations/:organization_id/ledgers/:ledger_id/settings	3
GET	/v1/organizations/:organization_id/ledgers/:ledger_id/settings	1
GET	/v1/organizations/:organization_id/ledgers/:ledger_id/transaction-routes	3
GET	/v1/organizations/:organization_id/ledgers/:ledger_id/transaction-routes	1
GET	/v1/organizations/:organization_id/ledgers/:ledger_id/transaction-routes/:transaction_route_id	3
GET	/v1/organizations/:organization_id/ledgers/:ledger_id/transaction-routes/:transaction_route_id	1
GET	/v1/organizations/:organization_id/ledgers/:ledger_id/transactions	3
GET	/v1/organizations/:organization_id/ledgers/:ledger_id/transactions	1
GET	/v1/organizations/:organization_id/ledgers/:ledger_id/transactions/:transaction_id	3
GET	/v1/organizations/:organization_id/ledgers/:ledger_id/transactions/:transaction_id	1
GET	/v1/settings/metadata-indexes	3
GET	/v2/organizations	2
GET	/v2/organizations	1
GET	/v2/organizations/:id	3
GET	/v2/organizations/:id	1
GET	/v2/organizations/:organization_id/encryption/status	4
GET	/v2/organizations/:organization_id/holders	3
GET	/v2/organizations/:organization_id/holders	1
GET	/v2/organizations/:organization_id/holders/:holder_id/instruments/:instrument_id	3
GET	/v2/organizations/:organization_id/holders/:holder_id/instruments/:instrument_id	1
GET	/v2/organizations/:organization_id/holders/:id	3
GET	/v2/organizations/:organization_id/holders/:id	1
GET	/v2/organizations/:organization_id/holders/:id/accounts	4
GET	/v2/organizations/:organization_id/instruments	3
GET	/v2/organizations/:organization_id/instruments	1
GET	/v2/organizations/:organization_id/ledgers	3
GET	/v2/organizations/:organization_id/ledgers	1
GET	/v2/organizations/:organization_id/ledgers/:ledger_id	3
GET	/v2/organizations/:organization_id/ledgers/:ledger_id	1
GET	/v2/organizations/:organization_id/ledgers/:ledger_id/account-types	4
GET	/v2/organizations/:organization_id/ledgers/:ledger_id/account-types/:id	3
GET	/v2/organizations/:organization_id/ledgers/:ledger_id/account-types/:id	1
GET	/v2/organizations/:organization_id/ledgers/:ledger_id/accounts	3
GET	/v2/organizations/:organization_id/ledgers/:ledger_id/accounts	1
GET	/v2/organizations/:organization_id/ledgers/:ledger_id/accounts/:account_id/balances	3
GET	/v2/organizations/:organization_id/ledgers/:ledger_id/accounts/:account_id/balances	1
GET	/v2/organizations/:organization_id/ledgers/:ledger_id/accounts/:account_id/balances/history	3
GET	/v2/organizations/:organization_id/ledgers/:ledger_id/accounts/:account_id/balances/history	1
GET	/v2/organizations/:organization_id/ledgers/:ledger_id/accounts/:account_id/operations	3
GET	/v2/organizations/:organization_id/ledgers/:ledger_id/accounts/:account_id/operations	1
GET	/v2/organizations/:organization_id/ledgers/:ledger_id/accounts/:account_id/operations/:operation_id	3
GET	/v2/organizations/:organization_id/ledgers/:ledger_id/accounts/:account_id/operations/:operation_id	1
GET	/v2/organizations/:organization_id/ledgers/:ledger_id/accounts/:id	3
GET	/v2/organizations/:organization_id/ledgers/:ledger_id/accounts/:id	1
GET	/v2/organizations/:organization_id/ledgers/:ledger_id/accounts/alias/:alias	3
GET	/v2/organizations/:organization_id/ledgers/:ledger_id/accounts/alias/:alias	1
GET	/v2/organizations/:organization_id/ledgers/:ledger_id/accounts/alias/:alias/balances	3
GET	/v2/organizations/:organization_id/ledgers/:ledger_id/accounts/alias/:alias/balances	1
GET	/v2/organizations/:organization_id/ledgers/:ledger_id/accounts/external/:code	3
GET	/v2/organizations/:organization_id/ledgers/:ledger_id/accounts/external/:code	1
GET	/v2/organizations/:organization_id/ledgers/:ledger_id/accounts/external/:code/balances	3
GET	/v2/organizations/:organization_id/ledgers/:ledger_id/accounts/external/:code/balances	1
GET	/v2/organizations/:organization_id/ledgers/:ledger_id/asset-rates/:external_id	3
GET	/v2/organizations/:organization_id/ledgers/:ledger_id/asset-rates/:external_id	1
GET	/v2/organizations/:organization_id/ledgers/:ledger_id/asset-rates/from/:asset_code	3
GET	/v2/organizations/:organization_id/ledgers/:ledger_id/asset-rates/from/:asset_code	1
GET	/v2/organizations/:organization_id/ledgers/:ledger_id/assets	3
GET	/v2/organizations/:organization_id/ledgers/:ledger_id/assets	1
GET	/v2/organizations/:organization_id/ledgers/:ledger_id/assets/:id	3
GET	/v2/organizations/:organization_id/ledgers/:ledger_id/assets/:id	1
GET	/v2/organizations/:organization_id/ledgers/:ledger_id/balances	3
GET	/v2/organizations/:organization_id/ledgers/:ledger_id/balances	1
GET	/v2/organizations/:organization_id/ledgers/:ledger_id/balances/:balance_id	3
GET	/v2/organizations/:organization_id/ledgers/:ledger_id/balances/:balance_id	1
GET	/v2/organizations/:organization_id/ledgers/:ledger_id/balances/:balance_id/history	3
GET	/v2/organizations/:organization_id/ledgers/:ledger_id/balances/:balance_id/history	1
GET	/v2/organizations/:organization_id/ledgers/:ledger_id/billing-packages	3
GET	/v2/organizations/:organization_id/ledgers/:ledger_id/billing-packages	1
GET	/v2/organizations/:organization_id/ledgers/:ledger_id/billing-packages/:id	3
GET	/v2/organizations/:organization_id/ledgers/:ledger_id/billing-packages/:id	1
GET	/v2/organizations/:organization_id/ledgers/:ledger_id/operation-routes	3
GET	/v2/organizations/:organization_id/ledgers/:ledger_id/operation-routes	1
GET	/v2/organizations/:organization_id/ledgers/:ledger_id/operation-routes/:operation_route_id	3
GET	/v2/organizations/:organization_id/ledgers/:ledger_id/operation-routes/:operation_route_id	1
GET	/v2/organizations/:organization_id/ledgers/:ledger_id/packages	3
GET	/v2/organizations/:organization_id/ledgers/:ledger_id/packages	1
GET	/v2/organizations/:organization_id/ledgers/:ledger_id/packages/:id	3
GET	/v2/organizations/:organization_id/ledgers/:ledger_id/packages/:id	1
GET	/v2/organizations/:organization_id/ledgers/:ledger_id/portfolios	3
GET	/v2/organizations/:organization_id/ledgers/:ledger_id/portfolios	1
GET	/v2/organizations/:organization_id/ledgers/:ledger_id/portfolios/:id	3
GET	/v2/organizations/:organization_id/ledgers/:ledger_id/portfolios/:id	1
GET	/v2/organizations/:organization_id/ledgers/:ledger_id/segments	3
GET	/v2/organizations/:organization_id/ledgers/:ledger_id/segments	1
GET	/v2/organizations/:organization_id/ledgers/:ledger_id/segments/:id	3
GET	/v2/organizations/:organization_id/ledgers/:ledger_id/segments/:id	1
GET	/v2/organizations/:organization_id/ledgers/:ledger_id/settings	3
GET	/v2/organizations/:organization_id/ledgers/:ledger_id/settings	1
GET	/v2/organizations/:organization_id/ledgers/:ledger_id/transaction-routes	3
GET	/v2/organizations/:organization_id/ledgers/:ledger_id/transaction-routes	1
GET	/v2/organizations/:organization_id/ledgers/:ledger_id/transaction-routes/:transaction_route_id	3
GET	/v2/organizations/:organization_id/ledgers/:ledger_id/transaction-routes/:transaction_route_id	1
GET	/v2/organizations/:organization_id/ledgers/:ledger_id/transactions	3
GET	/v2/organizations/:organization_id/ledgers/:ledger_id/transactions	1
GET	/v2/organizations/:organization_id/ledgers/:ledger_id/transactions/:transaction_id	3
GET	/v2/organizations/:organization_id/ledgers/:ledger_id/transactions/:transaction_id	1
GET	/v2/organizations/:organization_id/protection/audit	4
GET	/v2/settings/metadata-indexes	3
GET	/version	1
HEAD	/v1/organizations/:organization_id/ledgers/:ledger_id/accounts/metrics/count	4
HEAD	/v1/organizations/:organization_id/ledgers/:ledger_id/assets/metrics/count	4
HEAD	/v1/organizations/:organization_id/ledgers/:ledger_id/portfolios/metrics/count	4
HEAD	/v1/organizations/:organization_id/ledgers/:ledger_id/segments/metrics/count	4
HEAD	/v1/organizations/:organization_id/ledgers/:ledger_id/transactions/metrics/count	4
HEAD	/v1/organizations/:organization_id/ledgers/metrics/count	4
HEAD	/v1/organizations/metrics/count	3
HEAD	/v2/organizations/:organization_id/ledgers/:ledger_id/accounts/metrics/count	4
HEAD	/v2/organizations/:organization_id/ledgers/:ledger_id/assets/metrics/count	4
HEAD	/v2/organizations/:organization_id/ledgers/:ledger_id/portfolios/metrics/count	4
HEAD	/v2/organizations/:organization_id/ledgers/:ledger_id/segments/metrics/count	4
HEAD	/v2/organizations/:organization_id/ledgers/:ledger_id/transactions/metrics/count	4
HEAD	/v2/organizations/:organization_id/ledgers/metrics/count	4
HEAD	/v2/organizations/metrics/count	3
PATCH	/v1/organizations/:id	4
PATCH	/v1/organizations/:organization_id/ledgers/:ledger_id	3
PATCH	/v1/organizations/:organization_id/ledgers/:ledger_id	1
PATCH	/v1/organizations/:organization_id/ledgers/:ledger_id/account-types/:id	4
PATCH	/v1/organizations/:organization_id/ledgers/:ledger_id/accounts/:id	4
PATCH	/v1/organizations/:organization_id/ledgers/:ledger_id/assets/:id	4
PATCH	/v1/organizations/:organization_id/ledgers/:ledger_id/balances/:balance_id	4
PATCH	/v1/organizations/:organization_id/ledgers/:ledger_id/operation-routes/:operation_route_id	4
PATCH	/v1/organizations/:organization_id/ledgers/:ledger_id/portfolios/:id	4
PATCH	/v1/organizations/:organization_id/ledgers/:ledger_id/segments/:id	4
PATCH	/v1/organizations/:organization_id/ledgers/:ledger_id/settings	3
PATCH	/v1/organizations/:organization_id/ledgers/:ledger_id/settings	1
PATCH	/v1/organizations/:organization_id/ledgers/:ledger_id/transaction-routes/:transaction_route_id	4
PATCH	/v1/organizations/:organization_id/ledgers/:ledger_id/transactions/:transaction_id	4
PATCH	/v1/organizations/:organization_id/ledgers/:ledger_id/transactions/:transaction_id/operations/:operation_id	4
PATCH	/v2/organizations/:id	4
PATCH	/v2/organizations/:organization_id/holders/:holder_id/instruments/:instrument_id	4
PATCH	/v2/organizations/:organization_id/holders/:id	4
PATCH	/v2/organizations/:organization_id/ledgers/:ledger_id	3
PATCH	/v2/organizations/:organization_id/ledgers/:ledger_id	1
PATCH	/v2/organizations/:organization_id/ledgers/:ledger_id/account-types/:id	4
PATCH	/v2/organizations/:organization_id/ledgers/:ledger_id/accounts/:id	4
PATCH	/v2/organizations/:organization_id/ledgers/:ledger_id/assets/:id	4
PATCH	/v2/organizations/:organization_id/ledgers/:ledger_id/balances/:balance_id	4
PATCH	/v2/organizations/:organization_id/ledgers/:ledger_id/billing-packages/:id	3
PATCH	/v2/organizations/:organization_id/ledgers/:ledger_id/billing-packages/:id	1
PATCH	/v2/organizations/:organization_id/ledgers/:ledger_id/operation-routes/:operation_route_id	4
PATCH	/v2/organizations/:organization_id/ledgers/:ledger_id/packages/:id	3
PATCH	/v2/organizations/:organization_id/ledgers/:ledger_id/packages/:id	1
PATCH	/v2/organizations/:organization_id/ledgers/:ledger_id/portfolios/:id	4
PATCH	/v2/organizations/:organization_id/ledgers/:ledger_id/segments/:id	4
PATCH	/v2/organizations/:organization_id/ledgers/:ledger_id/settings	3
PATCH	/v2/organizations/:organization_id/ledgers/:ledger_id/settings	1
PATCH	/v2/organizations/:organization_id/ledgers/:ledger_id/transaction-routes/:transaction_route_id	4
PATCH	/v2/organizations/:organization_id/ledgers/:ledger_id/transactions/:transaction_id	4
PATCH	/v2/organizations/:organization_id/ledgers/:ledger_id/transactions/:transaction_id/operations/:operation_id	4
POST	/v1/organizations	3
POST	/v1/organizations/:organization_id/ledgers	4
POST	/v1/organizations/:organization_id/ledgers/:ledger_id/account-types	4
POST	/v1/organizations/:organization_id/ledgers/:ledger_id/accounts	4
POST	/v1/organizations/:organization_id/ledgers/:ledger_id/accounts/:account_id/balances	4
POST	/v1/organizations/:organization_id/ledgers/:ledger_id/assets	4
POST	/v1/organizations/:organization_id/ledgers/:ledger_id/operation-routes	4
POST	/v1/organizations/:organization_id/ledgers/:ledger_id/portfolios	4
POST	/v1/organizations/:organization_id/ledgers/:ledger_id/segments	4
POST	/v1/organizations/:organization_id/ledgers/:ledger_id/transaction-routes	4
POST	/v1/organizations/:organization_id/ledgers/:ledger_id/transactions/:transaction_id/cancel	3
POST	/v1/organizations/:organization_id/ledgers/:ledger_id/transactions/:transaction_id/cancel	1
POST	/v1/organizations/:organization_id/ledgers/:ledger_id/transactions/:transaction_id/commit	3
POST	/v1/organizations/:organization_id/ledgers/:ledger_id/transactions/:transaction_id/commit	1
POST	/v1/organizations/:organization_id/ledgers/:ledger_id/transactions/:transaction_id/revert	3
POST	/v1/organizations/:organization_id/ledgers/:ledger_id/transactions/:transaction_id/revert	1
POST	/v1/organizations/:organization_id/ledgers/:ledger_id/transactions/annotation	3
POST	/v1/organizations/:organization_id/ledgers/:ledger_id/transactions/annotation	1
POST	/v1/organizations/:organization_id/ledgers/:ledger_id/transactions/block	3
POST	/v1/organizations/:organization_id/ledgers/:ledger_id/transactions/block	1
POST	/v1/organizations/:organization_id/ledgers/:ledger_id/transactions/inflow	3
POST	/v1/organizations/:organization_id/ledgers/:ledger_id/transactions/inflow	1
POST	/v1/organizations/:organization_id/ledgers/:ledger_id/transactions/json	3
POST	/v1/organizations/:organization_id/ledgers/:ledger_id/transactions/json	1
POST	/v1/organizations/:organization_id/ledgers/:ledger_id/transactions/outflow	3
POST	/v1/organizations/:organization_id/ledgers/:ledger_id/transactions/outflow	1
POST	/v1/organizations/:organization_id/ledgers/:ledger_id/transactions/unblock	3
POST	/v1/organizations/:organization_id/ledgers/:ledger_id/transactions/unblock	1
POST	/v1/settings/metadata-indexes/entities/:entity_name	3
POST	/v2/organizations	3
POST	/v2/organizations/:organization_id/encryption/provision	4
POST	/v2/organizations/:organization_id/holders	4
POST	/v2/organizations/:organization_id/holders/:holder_id/instruments	4
POST	/v2/organizations/:organization_id/ledgers	4
POST	/v2/organizations/:organization_id/ledgers/:ledger_id/account-types	4
POST	/v2/organizations/:organization_id/ledgers/:ledger_id/accounts	4
POST	/v2/organizations/:organization_id/ledgers/:ledger_id/accounts/:account_id/balances	4
POST	/v2/organizations/:organization_id/ledgers/:ledger_id/assets	4
POST	/v2/organizations/:organization_id/ledgers/:ledger_id/billing-packages	3
POST	/v2/organizations/:organization_id/ledgers/:ledger_id/billing-packages	1
POST	/v2/organizations/:organization_id/ledgers/:ledger_id/billing/calculate	3
POST	/v2/organizations/:organization_id/ledgers/:ledger_id/billing/calculate	1
POST	/v2/organizations/:organization_id/ledgers/:ledger_id/estimates	3
POST	/v2/organizations/:organization_id/ledgers/:ledger_id/estimates	1
POST	/v2/organizations/:organization_id/ledgers/:ledger_id/holders/:id/accounts	4
POST	/v2/organizations/:organization_id/ledgers/:ledger_id/operation-routes	4
POST	/v2/organizations/:organization_id/ledgers/:ledger_id/packages	3
POST	/v2/organizations/:organization_id/ledgers/:ledger_id/packages	1
POST	/v2/organizations/:organization_id/ledgers/:ledger_id/portfolios	4
POST	/v2/organizations/:organization_id/ledgers/:ledger_id/segments	4
POST	/v2/organizations/:organization_id/ledgers/:ledger_id/transaction-routes	4
POST	/v2/organizations/:organization_id/ledgers/:ledger_id/transactions/:transaction_id/cancel	3
POST	/v2/organizations/:organization_id/ledgers/:ledger_id/transactions/:transaction_id/cancel	1
POST	/v2/organizations/:organization_id/ledgers/:ledger_id/transactions/:transaction_id/commit	3
POST	/v2/organizations/:organization_id/ledgers/:ledger_id/transactions/:transaction_id/commit	1
POST	/v2/organizations/:organization_id/ledgers/:ledger_id/transactions/:transaction_id/revert	3
POST	/v2/organizations/:organization_id/ledgers/:ledger_id/transactions/:transaction_id/revert	1
POST	/v2/organizations/:organization_id/ledgers/:ledger_id/transactions/annotation	3
POST	/v2/organizations/:organization_id/ledgers/:ledger_id/transactions/annotation	1
POST	/v2/organizations/:organization_id/ledgers/:ledger_id/transactions/inflow	3
POST	/v2/organizations/:organization_id/ledgers/:ledger_id/transactions/inflow	1
POST	/v2/organizations/:organization_id/ledgers/:ledger_id/transactions/json	3
POST	/v2/organizations/:organization_id/ledgers/:ledger_id/transactions/json	1
POST	/v2/organizations/:organization_id/ledgers/:ledger_id/transactions/outflow	3
POST	/v2/organizations/:organization_id/ledgers/:ledger_id/transactions/outflow	1
POST	/v2/settings/metadata-indexes/entities/:entity_name	3
POST	/v2/transactions/block	3
POST	/v2/transactions/block	1
POST	/v2/transactions/direct	3
POST	/v2/transactions/direct	1
POST	/v2/transactions/hold	3
POST	/v2/transactions/hold	1
POST	/v2/transactions/unblock	3
POST	/v2/transactions/unblock	1
PUT	/v1/organizations/:organization_id/ledgers/:ledger_id/asset-rates	4
PUT	/v2/organizations/:organization_id/ledgers/:ledger_id/asset-rates	4
